2020-06-02 20:36:1111 [    INFO] {'Server': 'nginx', 'Date': 'Tue, 02 Jun 2020 15:06:11 GMT', 'Content-Type': 'application/x-javascript', 'Transfer-Encoding': 'chunked', 'Connection': 'keep-alive', 'Vary': 'Accept-Encoding', 'Access-Control-Allow-Origin': '*', 'Server-Timing': 'total;dur=41;desc="Backend Total"', 'X-DuckDuckGo-Results': '1', 'Strict-Transport-Security': 'max-age=31536000', 'X-Frame-Options': 'SAMEORIGIN', 'Content-Security-Policy': "default-src https: blob: data: 'unsafe-inline' 'unsafe-eval'; frame-ancestors 'self'", 'X-XSS-Protection': '1;mode=block', 'X-Content-Type-Options': 'nosniff', 'Referrer-Policy': 'origin', 'Expect-CT': 'max-age=0', 'Expires': 'Tue, 02 Jun 2020 15:06:12 GMT', 'Cache-Control': 'max-age=1', 'X-DuckDuckGo-Locale': 'en_US', 'Content-Encoding': 'gzip'} (test_service_steps.py:30)
2020-06-02 20:36:1111 [    INFO] {'Server': 'nginx', 'Date': 'Tue, 02 Jun 2020 15:06:11 GMT', 'Content-Type': 'application/x-javascript', 'Transfer-Encoding': 'chunked', 'Connection': 'keep-alive', 'Vary': 'Accept-Encoding', 'Access-Control-Allow-Origin': '*', 'Server-Timing': 'total;dur=27;desc="Backend Total"', 'X-DuckDuckGo-Results': '1', 'Strict-Transport-Security': 'max-age=31536000', 'X-Frame-Options': 'SAMEORIGIN', 'Content-Security-Policy': "default-src https: blob: data: 'unsafe-inline' 'unsafe-eval'; frame-ancestors 'self'", 'X-XSS-Protection': '1;mode=block', 'X-Content-Type-Options': 'nosniff', 'Referrer-Policy': 'origin', 'Expect-CT': 'max-age=0', 'Expires': 'Tue, 02 Jun 2020 15:06:12 GMT', 'Cache-Control': 'max-age=1', 'X-DuckDuckGo-Locale': 'en_US', 'Content-Encoding': 'gzip'} (test_service_steps.py:30)
2020-06-02 20:36:1111 [    INFO] {'Server': 'nginx', 'Date': 'Tue, 02 Jun 2020 15:06:11 GMT', 'Content-Type': 'application/x-javascript', 'Transfer-Encoding': 'chunked', 'Connection': 'keep-alive', 'Vary': 'Accept-Encoding', 'Access-Control-Allow-Origin': '*', 'Server-Timing': 'total;dur=22;desc="Backend Total"', 'X-DuckDuckGo-Results': '1', 'Strict-Transport-Security': 'max-age=31536000', 'X-Frame-Options': 'SAMEORIGIN', 'Content-Security-Policy': "default-src https: blob: data: 'unsafe-inline' 'unsafe-eval'; frame-ancestors 'self'", 'X-XSS-Protection': '1;mode=block', 'X-Content-Type-Options': 'nosniff', 'Referrer-Policy': 'origin', 'Expect-CT': 'max-age=0', 'Expires': 'Tue, 02 Jun 2020 15:06:12 GMT', 'Cache-Control': 'max-age=1', 'X-DuckDuckGo-Locale': 'en_US', 'Content-Encoding': 'gzip'} (test_service_steps.py:30)
2020-06-02 20:36:1111 [    INFO] {'Server': 'nginx', 'Date': 'Tue, 02 Jun 2020 15:06:11 GMT', 'Content-Type': 'application/x-javascript', 'Transfer-Encoding': 'chunked', 'Connection': 'keep-alive', 'Vary': 'Accept-Encoding', 'Access-Control-Allow-Origin': '*', 'Server-Timing': 'total;dur=25;desc="Backend Total"', 'X-DuckDuckGo-Results': '1', 'Strict-Transport-Security': 'max-age=31536000', 'X-Frame-Options': 'SAMEORIGIN', 'Content-Security-Policy': "default-src https: blob: data: 'unsafe-inline' 'unsafe-eval'; frame-ancestors 'self'", 'X-XSS-Protection': '1;mode=block', 'X-Content-Type-Options': 'nosniff', 'Referrer-Policy': 'origin', 'Expect-CT': 'max-age=0', 'Expires': 'Tue, 02 Jun 2020 15:06:12 GMT', 'Cache-Control': 'max-age=1', 'X-DuckDuckGo-Locale': 'en_US', 'Content-Encoding': 'gzip'} (test_service_steps.py:30)
2020-06-02 20:36:1212 [    INFO] {'Server': 'nginx', 'Date': 'Tue, 02 Jun 2020 15:06:12 GMT', 'Content-Type': 'application/x-javascript', 'Transfer-Encoding': 'chunked', 'Connection': 'keep-alive', 'Vary': 'Accept-Encoding', 'Access-Control-Allow-Origin': '*', 'Server-Timing': 'total;dur=23;desc="Backend Total"', 'X-DuckDuckGo-Results': '1', 'Strict-Transport-Security': 'max-age=31536000', 'X-Frame-Options': 'SAMEORIGIN', 'Content-Security-Policy': "default-src https: blob: data: 'unsafe-inline' 'unsafe-eval'; frame-ancestors 'self'", 'X-XSS-Protection': '1;mode=block', 'X-Content-Type-Options': 'nosniff', 'Referrer-Policy': 'origin', 'Expect-CT': 'max-age=0', 'Expires': 'Tue, 02 Jun 2020 15:06:13 GMT', 'Cache-Control': 'max-age=1', 'X-DuckDuckGo-Locale': 'en_US', 'Content-Encoding': 'gzip'} (test_service_steps.py:30)
2020-06-02 20:36:1212 [    INFO] {'Server': 'nginx', 'Date': 'Tue, 02 Jun 2020 15:06:12 GMT', 'Content-Type': 'application/x-javascript', 'Transfer-Encoding': 'chunked', 'Connection': 'keep-alive', 'Vary': 'Accept-Encoding', 'Access-Control-Allow-Origin': '*', 'Server-Timing': 'total;dur=22;desc="Backend Total"', 'X-DuckDuckGo-Results': '1', 'Strict-Transport-Security': 'max-age=31536000', 'X-Frame-Options': 'SAMEORIGIN', 'Content-Security-Policy': "default-src https: blob: data: 'unsafe-inline' 'unsafe-eval'; frame-ancestors 'self'", 'X-XSS-Protection': '1;mode=block', 'X-Content-Type-Options': 'nosniff', 'Referrer-Policy': 'origin', 'Expect-CT': 'max-age=0', 'Expires': 'Tue, 02 Jun 2020 15:06:13 GMT', 'Cache-Control': 'max-age=1', 'X-DuckDuckGo-Locale': 'en_US', 'Content-Encoding': 'gzip'} (test_service_steps.py:30)
